// Jest Snapshot v1, https://goo.gl/fbAQLP

exports[`attributePlot renders correctly for bool 1`] = `
<PlotlyComponent
  data={
    Array [
      Object {
        "line": Object {
          "shape": "hv",
        },
        "marker": Object {
          "color": "#f0f0f0",
        },
        "mode": "lines+points",
        "name": "Normal",
        "type": "scatter",
        "visible": true,
        "x": Array [
          1970-01-01T00:00:01.000Z,
          1970-01-01T00:00:02.000Z,
          1970-01-01T00:00:03.000Z,
          1970-01-01T00:00:03.000Z,
        ],
        "y": Array [
          1,
          0,
          1,
          1,
        ],
      },
      Object {
        "line": Object {
          "dash": "15px, 5px",
          "shape": "hv",
        },
        "marker": Object {
          "color": "#fff",
        },
        "mode": "lines+points",
        "name": "Minor",
        "type": "scatter",
        "visible": false,
        "x": Array [
          1970-01-01T00:00:01.000Z,
          1970-01-01T00:00:02.000Z,
          1970-01-01T00:00:03.000Z,
          1970-01-01T00:00:03.000Z,
        ],
        "y": Array [
          null,
          null,
          null,
          null,
        ],
      },
      Object {
        "line": Object {
          "dash": "10px, 10px",
          "shape": "hv",
        },
        "marker": Object {
          "color": "#ff0000",
        },
        "mode": "lines+points",
        "name": "Major",
        "type": "scatter",
        "visible": false,
        "x": Array [
          1970-01-01T00:00:01.000Z,
          1970-01-01T00:00:02.000Z,
          1970-01-01T00:00:03.000Z,
          1970-01-01T00:00:03.000Z,
        ],
        "y": Array [
          null,
          null,
          null,
          null,
        ],
      },
      Object {
        "line": Object {
          "dash": "5px, 15px",
          "shape": "hv",
        },
        "marker": Object {
          "color": "#0500ff",
        },
        "mode": "lines+points",
        "name": "Disconnected",
        "type": "scatter",
        "visible": false,
        "x": Array [
          1970-01-01T00:00:01.000Z,
          1970-01-01T00:00:02.000Z,
          1970-01-01T00:00:03.000Z,
          1970-01-01T00:00:03.000Z,
        ],
        "y": Array [
          null,
          null,
          null,
          null,
        ],
      },
    ]
  }
  debug={false}
  layout={
    Object {
      "attribute": undefined,
      "autosize": true,
      "datarevision": "undefined#undefined#undefined#p:undefined#c:undefined",
      "legend": Object {
        "font": Object {
          "color": "#000",
        },
      },
      "paper_bgcolor": "#424242",
      "parent": undefined,
      "plot_bgcolor": "#424242",
      "xaxis": Object {
        "color": "#000",
        "range": Array [
          1969-12-31T23:59:33.000Z,
          1970-01-01T00:00:03.000Z,
        ],
      },
      "yaxis": Object {
        "color": "#000",
      },
    }
  }
  style={
    Object {
      "height": "100%",
      "width": "100%",
    }
  }
  useResizeHandler={true}
/>
`;

exports[`attributePlot renders correctly for changing alarm state 1`] = `
<PlotlyComponent
  data={
    Array [
      Object {
        "line": Object {
          "shape": "hv",
        },
        "marker": Object {
          "color": "#f0f0f0",
        },
        "mode": "lines+points",
        "name": "Normal",
        "type": "scatter",
        "visible": true,
        "x": Array [
          1970-01-01T00:00:01.000Z,
          1970-01-01T00:00:02.000Z,
          1970-01-01T00:00:03.000Z,
          1970-01-01T00:00:03.000Z,
        ],
        "y": Array [
          1,
          -1,
          2,
          2,
        ],
      },
      Object {
        "line": Object {
          "dash": "15px, 5px",
          "shape": "hv",
        },
        "marker": Object {
          "color": "#fff",
        },
        "mode": "lines+points",
        "name": "Minor",
        "type": "scatter",
        "visible": true,
        "x": Array [
          1970-01-01T00:00:01.000Z,
          1970-01-01T00:00:02.000Z,
          1970-01-01T00:00:03.000Z,
          1970-01-01T00:00:03.000Z,
        ],
        "y": Array [
          null,
          -1,
          2,
          2,
        ],
      },
      Object {
        "line": Object {
          "dash": "10px, 10px",
          "shape": "hv",
        },
        "marker": Object {
          "color": "#ff0000",
        },
        "mode": "lines+points",
        "name": "Major",
        "type": "scatter",
        "visible": false,
        "x": Array [
          1970-01-01T00:00:01.000Z,
          1970-01-01T00:00:02.000Z,
          1970-01-01T00:00:03.000Z,
          1970-01-01T00:00:03.000Z,
        ],
        "y": Array [
          null,
          null,
          null,
          null,
        ],
      },
      Object {
        "line": Object {
          "dash": "5px, 15px",
          "shape": "hv",
        },
        "marker": Object {
          "color": "#0500ff",
        },
        "mode": "lines+points",
        "name": "Disconnected",
        "type": "scatter",
        "visible": false,
        "x": Array [
          1970-01-01T00:00:01.000Z,
          1970-01-01T00:00:02.000Z,
          1970-01-01T00:00:03.000Z,
          1970-01-01T00:00:03.000Z,
        ],
        "y": Array [
          null,
          null,
          null,
          null,
        ],
      },
    ]
  }
  debug={false}
  layout={
    Object {
      "attribute": undefined,
      "autosize": true,
      "datarevision": "undefined#undefined#undefined#p:undefined#c:undefined",
      "legend": Object {
        "font": Object {
          "color": "#000",
        },
      },
      "paper_bgcolor": "#424242",
      "parent": undefined,
      "plot_bgcolor": "#424242",
      "xaxis": Object {
        "color": "#000",
        "range": Array [
          1969-12-31T23:59:33.000Z,
          1970-01-01T00:00:03.000Z,
        ],
      },
      "yaxis": Object {
        "color": "#000",
      },
    }
  }
  style={
    Object {
      "height": "100%",
      "width": "100%",
    }
  }
  useResizeHandler={true}
/>
`;

exports[`attributePlot renders correctly for number 1`] = `
<PlotlyComponent
  data={
    Array [
      Object {
        "line": Object {
          "shape": "hv",
        },
        "marker": Object {
          "color": "#f0f0f0",
        },
        "mode": "lines+points",
        "name": "Normal",
        "type": "scatter",
        "visible": true,
        "x": Array [
          1970-01-01T00:00:01.000Z,
          1970-01-01T00:00:02.000Z,
          1970-01-01T00:00:03.000Z,
          1970-01-01T00:00:03.000Z,
        ],
        "y": Array [
          1,
          -1,
          2,
          2,
        ],
      },
      Object {
        "line": Object {
          "dash": "15px, 5px",
          "shape": "hv",
        },
        "marker": Object {
          "color": "#fff",
        },
        "mode": "lines+points",
        "name": "Minor",
        "type": "scatter",
        "visible": false,
        "x": Array [
          1970-01-01T00:00:01.000Z,
          1970-01-01T00:00:02.000Z,
          1970-01-01T00:00:03.000Z,
          1970-01-01T00:00:03.000Z,
        ],
        "y": Array [
          null,
          null,
          null,
          null,
        ],
      },
      Object {
        "line": Object {
          "dash": "10px, 10px",
          "shape": "hv",
        },
        "marker": Object {
          "color": "#ff0000",
        },
        "mode": "lines+points",
        "name": "Major",
        "type": "scatter",
        "visible": false,
        "x": Array [
          1970-01-01T00:00:01.000Z,
          1970-01-01T00:00:02.000Z,
          1970-01-01T00:00:03.000Z,
          1970-01-01T00:00:03.000Z,
        ],
        "y": Array [
          null,
          null,
          null,
          null,
        ],
      },
      Object {
        "line": Object {
          "dash": "5px, 15px",
          "shape": "hv",
        },
        "marker": Object {
          "color": "#0500ff",
        },
        "mode": "lines+points",
        "name": "Disconnected",
        "type": "scatter",
        "visible": false,
        "x": Array [
          1970-01-01T00:00:01.000Z,
          1970-01-01T00:00:02.000Z,
          1970-01-01T00:00:03.000Z,
          1970-01-01T00:00:03.000Z,
        ],
        "y": Array [
          null,
          null,
          null,
          null,
        ],
      },
    ]
  }
  debug={false}
  layout={
    Object {
      "attribute": undefined,
      "autosize": true,
      "datarevision": "undefined#undefined#undefined#p:undefined#c:undefined",
      "legend": Object {
        "font": Object {
          "color": "#000",
        },
      },
      "paper_bgcolor": "#424242",
      "parent": undefined,
      "plot_bgcolor": "#424242",
      "xaxis": Object {
        "color": "#000",
        "range": Array [
          1969-12-31T23:59:33.000Z,
          1970-01-01T00:00:03.000Z,
        ],
      },
      "yaxis": Object {
        "color": "#000",
      },
    }
  }
  style={
    Object {
      "height": "100%",
      "width": "100%",
    }
  }
  useResizeHandler={true}
/>
`;
