// Jest Snapshot v1, https://goo.gl/fbAQLP

exports[`attributePlot renders correctly for bool 1`] = `
<div
  style={
    Object {
      "height": "100%",
      "width": "100%",
    }
  }
/>
`;

exports[`attributePlot renders correctly for number 1`] = `
<div
  style={
    Object {
      "height": "100%",
      "width": "100%",
    }
  }
/>
`;
