// Jest Snapshot v1, https://goo.gl/fbAQLP

exports[`WidgetComboBox renders correctly 1`] = `
<FormControl
  className="WidgetComboBox-formControl-2"
  classes={
    Object {
      "fullWidth": "MuiFormControl-fullWidth-7",
      "marginDense": "MuiFormControl-marginDense-6",
      "marginNormal": "MuiFormControl-marginNormal-5",
      "root": "MuiFormControl-root-4",
    }
  }
  component="div"
  disabled={false}
  error={false}
  fullWidth={true}
  margin="none"
  required={false}
>
  <WithStyles(Select)
    className="WidgetComboBox-select-3"
    native={true}
    onChange={[Function]}
    value="2"
  >
    <option
      disabled={true}
      value={null}
    >
       
    </option>
    <option
      key="0"
      value="1"
    >
      1
    </option>
    <option
      key="1"
      value="2"
    >
      2
    </option>
    <option
      key="2"
      value="3"
    >
      3
    </option>
  </WithStyles(Select)>
</FormControl>
`;
