// Jest Snapshot v1, https://goo.gl/fbAQLP

exports[`Layout renders correctly 1`] = `
<div
  id="LayoutDiv"
  onBlur={[Function]}
  onDragOver={[Function]}
  onDrop={[Function]}
  onFocus={[Function]}
  onKeyUp={[Function]}
  onMouseUp={[Function]}
  role="presentation"
  style={
    Object {
      "display": "flex",
      "height": "100%",
      "position": "relative",
      "width": "100%",
    }
  }
  tabIndex="-1"
>
  <DiagramWidget
    allowCanvasTranslation={true}
    allowCanvasZoom={true}
    allowLooseLinks={false}
    deleteKeys={Array []}
    diagramEngine={
      DiagramEngine {
        "calculateMatrixDimensions": [Function],
        "canvas": null,
        "canvasMatrix": Array [],
        "clickHandler": [Function],
        "diagramModel": DiagramModel {
          "gridSize": 0,
          "id": "2",
          "links": Object {},
          "listeners": Object {},
          "locked": false,
          "nodes": Object {},
          "offsetX": 0,
          "offsetY": 0,
          "rendered": false,
          "zoom": 100,
        },
        "hAdjustmentFactor": 0,
        "id": "1",
        "labelFactories": Object {},
        "linkFactories": Object {},
        "linksThatHaveInitiallyRendered": Object {},
        "listeners": Object {},
        "locked": false,
        "markMatrixPoint": [Function],
        "markNodes": [Function],
        "markPorts": [Function],
        "mouseDownHandler": [Function],
        "nodeFactories": Object {},
        "paintableWidgets": null,
        "portFactories": Object {},
        "portMouseDown": [Function],
        "routingMatrix": Array [],
        "selectedHandler": [Function],
        "vAdjustmentFactor": 0,
      }
    }
    inverseZoom={true}
    maxNumberPointsPerLink={0}
    smartRouting={false}
  />
</div>
`;
